Archive member included to satisfy reference by file (symbol)

c:/program files (x86)/atmel/studio/7.0/toolchain/avr8/avr8-gnu-toolchain/bin/../lib/gcc/avr/4.9.2/avr6\libgcc.a(_exit.o)
                              C:/Program Files (x86)/Atmel/Studio/7.0/Packs/atmel/ATmega_DFP/1.0.90/gcc/dev/atmega2560/avr6/crtatmega2560.o (exit)
c:/program files (x86)/atmel/studio/7.0/toolchain/avr8/avr8-gnu-toolchain/bin/../lib/gcc/avr/4.9.2/avr6\libgcc.a(_tablejump2.o)
                              kernel.o (__tablejump2__)
c:/program files (x86)/atmel/studio/7.0/toolchain/avr8/avr8-gnu-toolchain/bin/../lib/gcc/avr/4.9.2/avr6\libgcc.a(_copy_data.o)
                              kernel.o (__do_copy_data)
c:/program files (x86)/atmel/studio/7.0/toolchain/avr8/avr8-gnu-toolchain/bin/../lib/gcc/avr/4.9.2/avr6\libgcc.a(_clear_bss.o)
                              kernel.o (__do_clear_bss)
c:/program files (x86)/atmel/studio/7.0/toolchain/avr8/avr8-gnu-toolchain/bin/../lib/gcc/avr/4.9.2/../../../../avr/lib/avr6\libc.a(iob.o)
                              uart/uart.o (__iob)
c:/program files (x86)/atmel/studio/7.0/toolchain/avr8/avr8-gnu-toolchain/bin/../lib/gcc/avr/4.9.2/../../../../avr/lib/avr6\libc.a(printf.o)
                              kernel.o (printf)
c:/program files (x86)/atmel/studio/7.0/toolchain/avr8/avr8-gnu-toolchain/bin/../lib/gcc/avr/4.9.2/../../../../avr/lib/avr6\libc.a(puts.o)
                              kernel.o (puts)
c:/program files (x86)/atmel/studio/7.0/toolchain/avr8/avr8-gnu-toolchain/bin/../lib/gcc/avr/4.9.2/../../../../avr/lib/avr6\libc.a(vfprintf_std.o)
                              c:/program files (x86)/atmel/studio/7.0/toolchain/avr8/avr8-gnu-toolchain/bin/../lib/gcc/avr/4.9.2/../../../../avr/lib/avr6\libc.a(printf.o) (vfprintf)
c:/program files (x86)/atmel/studio/7.0/toolchain/avr8/avr8-gnu-toolchain/bin/../lib/gcc/avr/4.9.2/../../../../avr/lib/avr6\libc.a(strnlen_P.o)
                              c:/program files (x86)/atmel/studio/7.0/toolchain/avr8/avr8-gnu-toolchain/bin/../lib/gcc/avr/4.9.2/../../../../avr/lib/avr6\libc.a(vfprintf_std.o) (strnlen_P)
c:/program files (x86)/atmel/studio/7.0/toolchain/avr8/avr8-gnu-toolchain/bin/../lib/gcc/avr/4.9.2/../../../../avr/lib/avr6\libc.a(strnlen.o)
                              c:/program files (x86)/atmel/studio/7.0/toolchain/avr8/avr8-gnu-toolchain/bin/../lib/gcc/avr/4.9.2/../../../../avr/lib/avr6\libc.a(vfprintf_std.o) (strnlen)
c:/program files (x86)/atmel/studio/7.0/toolchain/avr8/avr8-gnu-toolchain/bin/../lib/gcc/avr/4.9.2/../../../../avr/lib/avr6\libc.a(fputc.o)
                              c:/program files (x86)/atmel/studio/7.0/toolchain/avr8/avr8-gnu-toolchain/bin/../lib/gcc/avr/4.9.2/../../../../avr/lib/avr6\libc.a(vfprintf_std.o) (fputc)
c:/program files (x86)/atmel/studio/7.0/toolchain/avr8/avr8-gnu-toolchain/bin/../lib/gcc/avr/4.9.2/../../../../avr/lib/avr6\libc.a(ultoa_invert.o)
                              c:/program files (x86)/atmel/studio/7.0/toolchain/avr8/avr8-gnu-toolchain/bin/../lib/gcc/avr/4.9.2/../../../../avr/lib/avr6\libc.a(vfprintf_std.o) (__ultoa_invert)

Allocating common symbols
Common symbol       size              file

Last_PID            0x2               kernel.o
evt                 0x2               test1.o
KernelActive        0x2               kernel.o
mut                 0x2               test1.o
Last_EventID        0x2               kernel.o
err                 0x1               kernel.o
m1                  0x2               test1.o
CurrentSp           0x2               kernel.o
Cp                  0x2               kernel.o
Last_MutexID        0x2               kernel.o
__iob               0x6               c:/program files (x86)/atmel/studio/7.0/toolchain/avr8/avr8-gnu-toolchain/bin/../lib/gcc/avr/4.9.2/../../../../avr/lib/avr6\libc.a(iob.o)
KernelSp            0x2               kernel.o
e1                  0x2               test1.o

Discarded input sections

 .data          0x00000000        0x0 C:/Program Files (x86)/Atmel/Studio/7.0/Packs/atmel/ATmega_DFP/1.0.90/gcc/dev/atmega2560/avr6/crtatmega2560.o
 .bss           0x00000000        0x0 C:/Program Files (x86)/Atmel/Studio/7.0/Packs/atmel/ATmega_DFP/1.0.90/gcc/dev/atmega2560/avr6/crtatmega2560.o
 .data          0x00000000        0x0 cswitch.o
 .bss           0x00000000        0x0 cswitch.o
 .text          0x00000000        0x0 kernel.o
 .data          0x00000000        0x0 kernel.o
 .bss           0x00000000        0x0 kernel.o
 .text.findPIDByFuncPtr
                0x00000000       0x64 kernel.o
 .text.getEventCount
                0x00000000       0x16 kernel.o
 .text          0x00000000        0x0 os.o
 .data          0x00000000        0x0 os.o
 .bss           0x00000000        0x0 os.o
 .text.Task_GetArg
                0x00000000       0x20 os.o
 .text.Task_Suspend
                0x00000000       0x2c os.o
 .text.Task_Resume
                0x00000000       0x2c os.o
 .text.Task_Sleep
                0x00000000       0x2c os.o
 .text.Event_Init
                0x00000000       0x5c os.o
 .text.Event_Wait
                0x00000000       0x2c os.o
 .text.Event_Signal
                0x00000000       0x2c os.o
 .text          0x00000000        0x0 test1.o
 .data          0x00000000        0x0 test1.o
 .bss           0x00000000        0x0 test1.o
 .rodata.str1.1
                0x00000000       0xf3 test1.o
 .text.Pong     0x00000000       0x18 test1.o
 .text.Ping     0x00000000       0x18 test1.o
 .text.suspend_pong
                0x00000000       0x42 test1.o
 .text.event_wait_test
                0x00000000       0xca test1.o
 .text.event_signal_test
                0x00000000       0x82 test1.o
 .text.priority1
                0x00000000       0x12 test1.o
 .text.priority2
                0x00000000       0x12 test1.o
 .text.priority3
                0x00000000       0x12 test1.o
 .text          0x00000000        0x0 test2_mut_and_evt.o
 .data          0x00000000        0x0 test2_mut_and_evt.o
 .bss           0x00000000        0x0 test2_mut_and_evt.o
 .rodata.str1.1
                0x00000000       0xd0 test2_mut_and_evt.o
 .text.Task_P1  0x00000000       0x2e test2_mut_and_evt.o
 .text.Task_P2  0x00000000       0x26 test2_mut_and_evt.o
 .text.Task_P3  0x00000000       0x3e test2_mut_and_evt.o
 .debug_info    0x00000000      0x2f5 test2_mut_and_evt.o
 .debug_abbrev  0x00000000       0xf5 test2_mut_and_evt.o
 .debug_loc     0x00000000       0x72 test2_mut_and_evt.o
 .debug_aranges
                0x00000000       0x30 test2_mut_and_evt.o
 .debug_ranges  0x00000000       0x20 test2_mut_and_evt.o
 .debug_line    0x00000000       0xf4 test2_mut_and_evt.o
 .debug_str     0x00000000      0x202 test2_mut_and_evt.o
 .comment       0x00000000       0x31 test2_mut_and_evt.o
 .debug_frame   0x00000000       0x44 test2_mut_and_evt.o
 .text          0x00000000        0x0 test3_priority_inheritance.o
 .data          0x00000000        0x0 test3_priority_inheritance.o
 .bss           0x00000000        0x0 test3_priority_inheritance.o
 .text          0x00000000        0x0 uart/uart.o
 .data          0x00000000        0x0 uart/uart.o
 .bss           0x00000000        0x0 uart/uart.o
 .text          0x00000000        0x0 c:/program files (x86)/atmel/studio/7.0/toolchain/avr8/avr8-gnu-toolchain/bin/../lib/gcc/avr/4.9.2/avr6\libgcc.a(_exit.o)
 .data          0x00000000        0x0 c:/program files (x86)/atmel/studio/7.0/toolchain/avr8/avr8-gnu-toolchain/bin/../lib/gcc/avr/4.9.2/avr6\libgcc.a(_exit.o)
 .bss           0x00000000        0x0 c:/program files (x86)/atmel/studio/7.0/toolchain/avr8/avr8-gnu-toolchain/bin/../lib/gcc/avr/4.9.2/avr6\libgcc.a(_exit.o)
 .text.libgcc.mul
                0x00000000        0x0 c:/program files (x86)/atmel/studio/7.0/toolchain/avr8/avr8-gnu-toolchain/bin/../lib/gcc/avr/4.9.2/avr6\libgcc.a(_exit.o)
 .text.libgcc.div
                0x00000000        0x0 c:/program files (x86)/atmel/studio/7.0/toolchain/avr8/avr8-gnu-toolchain/bin/../lib/gcc/avr/4.9.2/avr6\libgcc.a(_exit.o)
 .text.libgcc   0x00000000        0x0 c:/program files (x86)/atmel/studio/7.0/toolchain/avr8/avr8-gnu-toolchain/bin/../lib/gcc/avr/4.9.2/avr6\libgcc.a(_exit.o)
 .text.libgcc.prologue
                0x00000000        0x0 c:/program files (x86)/atmel/studio/7.0/toolchain/avr8/avr8-gnu-toolchain/bin/../lib/gcc/avr/4.9.2/avr6\libgcc.a(_exit.o)
 .text.libgcc.builtins
                0x00000000        0x0 c:/program files (x86)/atmel/studio/7.0/toolchain/avr8/avr8-gnu-toolchain/bin/../lib/gcc/avr/4.9.2/avr6\libgcc.a(_exit.o)
 .text.libgcc.fmul
                0x00000000        0x0 c:/program files (x86)/atmel/studio/7.0/toolchain/avr8/avr8-gnu-toolchain/bin/../lib/gcc/avr/4.9.2/avr6\libgcc.a(_exit.o)
 .text.libgcc.fixed
                0x00000000        0x0 c:/program files (x86)/atmel/studio/7.0/toolchain/avr8/avr8-gnu-toolchain/bin/../lib/gcc/avr/4.9.2/avr6\libgcc.a(_exit.o)
 .text          0x00000000        0x0 c:/program files (x86)/atmel/studio/7.0/toolchain/avr8/avr8-gnu-toolchain/bin/../lib/gcc/avr/4.9.2/avr6\libgcc.a(_tablejump2.o)
 .data          0x00000000        0x0 c:/program files (x86)/atmel/studio/7.0/toolchain/avr8/avr8-gnu-toolchain/bin/../lib/gcc/avr/4.9.2/avr6\libgcc.a(_tablejump2.o)
 .bss           0x00000000        0x0 c:/program files (x86)/atmel/studio/7.0/toolchain/avr8/avr8-gnu-toolchain/bin/../lib/gcc/avr/4.9.2/avr6\libgcc.a(_tablejump2.o)
 .text.libgcc.mul
                0x00000000        0x0 c:/program files (x86)/atmel/studio/7.0/toolchain/avr8/avr8-gnu-toolchain/bin/../lib/gcc/avr/4.9.2/avr6\libgcc.a(_tablejump2.o)
 .text.libgcc.div
                0x00000000        0x0 c:/program files (x86)/atmel/studio/7.0/toolchain/avr8/avr8-gnu-toolchain/bin/../lib/gcc/avr/4.9.2/avr6\libgcc.a(_tablejump2.o)
 .text.libgcc.prologue
                0x00000000        0x0 c:/program files (x86)/atmel/studio/7.0/toolchain/avr8/avr8-gnu-toolchain/bin/../lib/gcc/avr/4.9.2/avr6\libgcc.a(_tablejump2.o)
 .text.libgcc.builtins
                0x00000000        0x0 c:/program files (x86)/atmel/studio/7.0/toolchain/avr8/avr8-gnu-toolchain/bin/../lib/gcc/avr/4.9.2/avr6\libgcc.a(_tablejump2.o)
 .text.libgcc.fmul
                0x00000000        0x0 c:/program files (x86)/atmel/studio/7.0/toolchain/avr8/avr8-gnu-toolchain/bin/../lib/gcc/avr/4.9.2/avr6\libgcc.a(_tablejump2.o)
 .text.libgcc.fixed
                0x00000000        0x0 c:/program files (x86)/atmel/studio/7.0/toolchain/avr8/avr8-gnu-toolchain/bin/../lib/gcc/avr/4.9.2/avr6\libgcc.a(_tablejump2.o)
 .text          0x00000000        0x0 c:/program files (x86)/atmel/studio/7.0/toolchain/avr8/avr8-gnu-toolchain/bin/../lib/gcc/avr/4.9.2/avr6\libgcc.a(_copy_data.o)
 .data          0x00000000        0x0 c:/program files (x86)/atmel/studio/7.0/toolchain/avr8/avr8-gnu-toolchain/bin/../lib/gcc/avr/4.9.2/avr6\libgcc.a(_copy_data.o)
 .bss           0x00000000        0x0 c:/program files (x86)/atmel/studio/7.0/toolchain/avr8/avr8-gnu-toolchain/bin/../lib/gcc/avr/4.9.2/avr6\libgcc.a(_copy_data.o)
 .text.libgcc.mul
                0x00000000        0x0 c:/program files (x86)/atmel/studio/7.0/toolchain/avr8/avr8-gnu-toolchain/bin/../lib/gcc/avr/4.9.2/avr6\libgcc.a(_copy_data.o)
 .text.libgcc.div
                0x00000000        0x0 c:/program files (x86)/atmel/studio/7.0/toolchain/avr8/avr8-gnu-toolchain/bin/../lib/gcc/avr/4.9.2/avr6\libgcc.a(_copy_data.o)
 .text.libgcc   0x00000000        0x0 c:/program files (x86)/atmel/studio/7.0/toolchain/avr8/avr8-gnu-toolchain/bin/../lib/gcc/avr/4.9.2/avr6\libgcc.a(_copy_data.o)
 .text.libgcc.prologue
                0x00000000        0x0 c:/program files (x86)/atmel/studio/7.0/toolchain/avr8/avr8-gnu-toolchain/bin/../lib/gcc/avr/4.9.2/avr6\libgcc.a(_copy_data.o)
 .text.libgcc.builtins
                0x00000000        0x0 c:/program files (x86)/atmel/studio/7.0/toolchain/avr8/avr8-gnu-toolchain/bin/../lib/gcc/avr/4.9.2/avr6\libgcc.a(_copy_data.o)
 .text.libgcc.fmul
                0x00000000        0x0 c:/program files (x86)/atmel/studio/7.0/toolchain/avr8/avr8-gnu-toolchain/bin/../lib/gcc/avr/4.9.2/avr6\libgcc.a(_copy_data.o)
 .text.libgcc.fixed
                0x00000000        0x0 c:/program files (x86)/atmel/studio/7.0/toolchain/avr8/avr8-gnu-toolchain/bin/../lib/gcc/avr/4.9.2/avr6\libgcc.a(_copy_data.o)
 .text          0x00000000        0x0 c:/program files (x86)/atmel/studio/7.0/toolchain/avr8/avr8-gnu-toolchain/bin/../lib/gcc/avr/4.9.2/avr6\libgcc.a(_clear_bss.o)
 .data          0x00000000        0x0 c:/program files (x86)/atmel/studio/7.0/toolchain/avr8/avr8-gnu-toolchain/bin/../lib/gcc/avr/4.9.2/avr6\libgcc.a(_clear_bss.o)
 .bss           0x00000000        0x0 c:/program files (x86)/atmel/studio/7.0/toolchain/avr8/avr8-gnu-toolchain/bin/../lib/gcc/avr/4.9.2/avr6\libgcc.a(_clear_bss.o)
 .text.libgcc.mul
                0x00000000        0x0 c:/program files (x86)/atmel/studio/7.0/toolchain/avr8/avr8-gnu-toolchain/bin/../lib/gcc/avr/4.9.2/avr6\libgcc.a(_clear_bss.o)
 .text.libgcc.div
                0x00000000        0x0 c:/program files (x86)/atmel/studio/7.0/toolchain/avr8/avr8-gnu-toolchain/bin/../lib/gcc/avr/4.9.2/avr6\libgcc.a(_clear_bss.o)
 .text.libgcc   0x00000000        0x0 c:/program files (x86)/atmel/studio/7.0/toolchain/avr8/avr8-gnu-toolchain/bin/../lib/gcc/avr/4.9.2/avr6\libgcc.a(_clear_bss.o)
 .text.libgcc.prologue
                0x00000000        0x0 c:/program files (x86)/atmel/studio/7.0/toolchain/avr8/avr8-gnu-toolchain/bin/../lib/gcc/avr/4.9.2/avr6\libgcc.a(_clear_bss.o)
 .text.libgcc.builtins
                0x00000000        0x0 c:/program files (x86)/atmel/studio/7.0/toolchain/avr8/avr8-gnu-toolchain/bin/../lib/gcc/avr/4.9.2/avr6\libgcc.a(_clear_bss.o)
 .text.libgcc.fmul
                0x00000000        0x0 c:/program files (x86)/atmel/studio/7.0/toolchain/avr8/avr8-gnu-toolchain/bin/../lib/gcc/avr/4.9.2/avr6\libgcc.a(_clear_bss.o)
 .text.libgcc.fixed
                0x00000000        0x0 c:/program files (x86)/atmel/studio/7.0/toolchain/avr8/avr8-gnu-toolchain/bin/../lib/gcc/avr/4.9.2/avr6\libgcc.a(_clear_bss.o)
 .text          0x00000000        0x0 c:/program files (x86)/atmel/studio/7.0/toolchain/avr8/avr8-gnu-toolchain/bin/../lib/gcc/avr/4.9.2/../../../../avr/lib/avr6\libc.a(iob.o)
 .data          0x00000000        0x0 c:/program files (x86)/atmel/studio/7.0/toolchain/avr8/avr8-gnu-toolchain/bin/../lib/gcc/avr/4.9.2/../../../../avr/lib/avr6\libc.a(iob.o)
 .bss           0x00000000        0x0 c:/program files (x86)/atmel/studio/7.0/toolchain/avr8/avr8-gnu-toolchain/bin/../lib/gcc/avr/4.9.2/../../../../avr/lib/avr6\libc.a(iob.o)
 .text          0x00000000        0x0 c:/program files (x86)/atmel/studio/7.0/toolchain/avr8/avr8-gnu-toolchain/bin/../lib/gcc/avr/4.9.2/../../../../avr/lib/avr6\libc.a(printf.o)
 .data          0x00000000        0x0 c:/program files (x86)/atmel/studio/7.0/toolchain/avr8/avr8-gnu-toolchain/bin/../lib/gcc/avr/4.9.2/../../../../avr/lib/avr6\libc.a(printf.o)
 .bss           0x00000000        0x0 c:/program files (x86)/atmel/studio/7.0/toolchain/avr8/avr8-gnu-toolchain/bin/../lib/gcc/avr/4.9.2/../../../../avr/lib/avr6\libc.a(printf.o)
 .text          0x00000000        0x0 c:/program files (x86)/atmel/studio/7.0/toolchain/avr8/avr8-gnu-toolchain/bin/../lib/gcc/avr/4.9.2/../../../../avr/lib/avr6\libc.a(puts.o)
 .data          0x00000000        0x0 c:/program files (x86)/atmel/studio/7.0/toolchain/avr8/avr8-gnu-toolchain/bin/../lib/gcc/avr/4.9.2/../../../../avr/lib/avr6\libc.a(puts.o)
 .bss           0x00000000        0x0 c:/program files (x86)/atmel/studio/7.0/toolchain/avr8/avr8-gnu-toolchain/bin/../lib/gcc/avr/4.9.2/../../../../avr/lib/avr6\libc.a(puts.o)
 .text          0x00000000        0x0 c:/program files (x86)/atmel/studio/7.0/toolchain/avr8/avr8-gnu-toolchain/bin/../lib/gcc/avr/4.9.2/../../../../avr/lib/avr6\libc.a(vfprintf_std.o)
 .data          0x00000000        0x0 c:/program files (x86)/atmel/studio/7.0/toolchain/avr8/avr8-gnu-toolchain/bin/../lib/gcc/avr/4.9.2/../../../../avr/lib/avr6\libc.a(vfprintf_std.o)
 .bss           0x00000000        0x0 c:/program files (x86)/atmel/studio/7.0/toolchain/avr8/avr8-gnu-toolchain/bin/../lib/gcc/avr/4.9.2/../../../../avr/lib/avr6\libc.a(vfprintf_std.o)
 .text          0x00000000        0x0 c:/program files (x86)/atmel/studio/7.0/toolchain/avr8/avr8-gnu-toolchain/bin/../lib/gcc/avr/4.9.2/../../../../avr/lib/avr6\libc.a(strnlen_P.o)
 .data          0x00000000        0x0 c:/program files (x86)/atmel/studio/7.0/toolchain/avr8/avr8-gnu-toolchain/bin/../lib/gcc/avr/4.9.2/../../../../avr/lib/avr6\libc.a(strnlen_P.o)
 .bss           0x00000000        0x0 c:/program files (x86)/atmel/studio/7.0/toolchain/avr8/avr8-gnu-toolchain/bin/../lib/gcc/avr/4.9.2/../../../../avr/lib/avr6\libc.a(strnlen_P.o)
 .text          0x00000000        0x0 c:/program files (x86)/atmel/studio/7.0/toolchain/avr8/avr8-gnu-toolchain/bin/../lib/gcc/avr/4.9.2/../../../../avr/lib/avr6\libc.a(strnlen.o)
 .data          0x00000000        0x0 c:/program files (x86)/atmel/studio/7.0/toolchain/avr8/avr8-gnu-toolchain/bin/../lib/gcc/avr/4.9.2/../../../../avr/lib/avr6\libc.a(strnlen.o)
 .bss           0x00000000        0x0 c:/program files (x86)/atmel/studio/7.0/toolchain/avr8/avr8-gnu-toolchain/bin/../lib/gcc/avr/4.9.2/../../../../avr/lib/avr6\libc.a(strnlen.o)
 .text          0x00000000        0x0 c:/program files (x86)/atmel/studio/7.0/toolchain/avr8/avr8-gnu-toolchain/bin/../lib/gcc/avr/4.9.2/../../../../avr/lib/avr6\libc.a(fputc.o)
 .data          0x00000000        0x0 c:/program files (x86)/atmel/studio/7.0/toolchain/avr8/avr8-gnu-toolchain/bin/../lib/gcc/avr/4.9.2/../../../../avr/lib/avr6\libc.a(fputc.o)
 .bss           0x00000000        0x0 c:/program files (x86)/atmel/studio/7.0/toolchain/avr8/avr8-gnu-toolchain/bin/../lib/gcc/avr/4.9.2/../../../../avr/lib/avr6\libc.a(fputc.o)
 .text          0x00000000        0x0 c:/program files (x86)/atmel/studio/7.0/toolchain/avr8/avr8-gnu-toolchain/bin/../lib/gcc/avr/4.9.2/../../../../avr/lib/avr6\libc.a(ultoa_invert.o)
 .data          0x00000000        0x0 c:/program files (x86)/atmel/studio/7.0/toolchain/avr8/avr8-gnu-toolchain/bin/../lib/gcc/avr/4.9.2/../../../../avr/lib/avr6\libc.a(ultoa_invert.o)
 .bss           0x00000000        0x0 c:/program files (x86)/atmel/studio/7.0/toolchain/avr8/avr8-gnu-toolchain/bin/../lib/gcc/avr/4.9.2/../../../../avr/lib/avr6\libc.a(ultoa_invert.o)

Memory Configuration

Name             Origin             Length             Attributes
text             0x00000000         0x00100000         xr
data             0x00800200         0x0000fe00         rw !x
eeprom           0x00810000         0x00010000         rw !x
fuse             0x00820000         0x00000400         rw !x
lock             0x00830000         0x00000400         rw !x
signature        0x00840000         0x00000400         rw !x
user_signatures  0x00850000         0x00000400         rw !x
*default*        0x00000000         0xffffffff

Linker script and memory map

Address of section .data set to 0x800200
LOAD C:/Program Files (x86)/Atmel/Studio/7.0/Packs/atmel/ATmega_DFP/1.0.90/gcc/dev/atmega2560/avr6/crtatmega2560.o
LOAD cswitch.o
LOAD kernel.o
LOAD os.o
LOAD test1.o
LOAD test2_mut_and_evt.o
LOAD test3_priority_inheritance.o
LOAD uart/uart.o
START GROUP
LOAD c:/program files (x86)/atmel/studio/7.0/toolchain/avr8/avr8-gnu-toolchain/bin/../lib/gcc/avr/4.9.2/../../../../avr/lib/avr6\libm.a
END GROUP
START GROUP
LOAD c:/program files (x86)/atmel/studio/7.0/toolchain/avr8/avr8-gnu-toolchain/bin/../lib/gcc/avr/4.9.2/avr6\libgcc.a
LOAD c:/program files (x86)/atmel/studio/7.0/toolchain/avr8/avr8-gnu-toolchain/bin/../lib/gcc/avr/4.9.2/../../../../avr/lib/avr6\libm.a
LOAD c:/program files (x86)/atmel/studio/7.0/toolchain/avr8/avr8-gnu-toolchain/bin/../lib/gcc/avr/4.9.2/../../../../avr/lib/avr6\libc.a
LOAD C:/Program Files (x86)/Atmel/Studio/7.0/Packs/atmel/ATmega_DFP/1.0.90/gcc/dev/atmega2560/avr6\libatmega2560.a
END GROUP

.hash
 *(.hash)

.dynsym
 *(.dynsym)

.dynstr
 *(.dynstr)

.gnu.version
 *(.gnu.version)

.gnu.version_d
 *(.gnu.version_d)

.gnu.version_r
 *(.gnu.version_r)

.rel.init
 *(.rel.init)

.rela.init
 *(.rela.init)

.rel.text
 *(.rel.text)
 *(.rel.text.*)
 *(.rel.gnu.linkonce.t*)

.rela.text
 *(.rela.text)
 *(.rela.text.*)
 *(.rela.gnu.linkonce.t*)

.rel.fini
 *(.rel.fini)

.rela.fini
 *(.rela.fini)

.rel.rodata
 *(.rel.rodata)
 *(.rel.rodata.*)
 *(.rel.gnu.linkonce.r*)

.rela.rodata
 *(.rela.rodata)
 *(.rela.rodata.*)
 *(.rela.gnu.linkonce.r*)

.rel.data
 *(.rel.data)
 *(.rel.data.*)
 *(.rel.gnu.linkonce.d*)

.rela.data
 *(.rela.data)
 *(.rela.data.*)
 *(.rela.gnu.linkonce.d*)

.rel.ctors
 *(.rel.ctors)

.rela.ctors
 *(.rela.ctors)

.rel.dtors
 *(.rel.dtors)

.rela.dtors
 *(.rela.dtors)

.rel.got
 *(.rel.got)

.rela.got
 *(.rela.got)

.rel.bss
 *(.rel.bss)

.rela.bss
 *(.rela.bss)

.rel.plt
 *(.rel.plt)

.rela.plt
 *(.rela.plt)

.text           0x00000000     0x1a4e
 *(.vectors)
 .vectors       0x00000000       0xe4 C:/Program Files (x86)/Atmel/Studio/7.0/Packs/atmel/ATmega_DFP/1.0.90/gcc/dev/atmega2560/avr6/crtatmega2560.o
                0x00000000                __vector_default
                0x00000000                __vectors
 *(.vectors)
 *(.progmem.gcc*)
 .progmem.gcc_sw_table.OS_Start
                0x000000e4       0x1a kernel.o
                0x000000fe                . = ALIGN (0x2)
                0x000000fe                __trampolines_start = .
 *(.trampolines)
 .trampolines   0x000000fe        0x0 linker stubs
 *(.trampolines*)
                0x000000fe                __trampolines_end = .
 *(.progmem*)
                0x000000fe                . = ALIGN (0x2)
 *(.jumptables)
 *(.jumptables*)
 *(.lowtext)
 *(.lowtext*)
                0x000000fe                __ctors_start = .
 *(.ctors)
                0x000000fe                __ctors_end = .
                0x000000fe                __dtors_start = .
 *(.dtors)
                0x000000fe                __dtors_end = .
 SORT(*)(.ctors)
 SORT(*)(.dtors)
 *(.init0)
 .init0         0x000000fe        0x0 C:/Program Files (x86)/Atmel/Studio/7.0/Packs/atmel/ATmega_DFP/1.0.90/gcc/dev/atmega2560/avr6/crtatmega2560.o
                0x000000fe                __init
 *(.init0)
 *(.init1)
 *(.init1)
 *(.init2)
 .init2         0x000000fe       0x10 C:/Program Files (x86)/Atmel/Studio/7.0/Packs/atmel/ATmega_DFP/1.0.90/gcc/dev/atmega2560/avr6/crtatmega2560.o
 *(.init2)
 *(.init3)
 *(.init3)
 *(.init4)
 .init4         0x0000010e       0x1a c:/program files (x86)/atmel/studio/7.0/toolchain/avr8/avr8-gnu-toolchain/bin/../lib/gcc/avr/4.9.2/avr6\libgcc.a(_copy_data.o)
                0x0000010e                __do_copy_data
 .init4         0x00000128       0x10 c:/program files (x86)/atmel/studio/7.0/toolchain/avr8/avr8-gnu-toolchain/bin/../lib/gcc/avr/4.9.2/avr6\libgcc.a(_clear_bss.o)
                0x00000128                __do_clear_bss
 *(.init4)
 *(.init5)
 *(.init5)
 *(.init6)
 *(.init6)
 *(.init7)
 *(.init7)
 *(.init8)
 *(.init8)
 *(.init9)
 .init9         0x00000138        0x8 C:/Program Files (x86)/Atmel/Studio/7.0/Packs/atmel/ATmega_DFP/1.0.90/gcc/dev/atmega2560/avr6/crtatmega2560.o
 *(.init9)
 *(.text)
 .text          0x00000140        0x2 C:/Program Files (x86)/Atmel/Studio/7.0/Packs/atmel/ATmega_DFP/1.0.90/gcc/dev/atmega2560/avr6/crtatmega2560.o
                0x00000140                __vector_38
                0x00000140                __vector_22
                0x00000140                __vector_28
                0x00000140                __vector_1
                0x00000140                __vector_32
                0x00000140                __vector_34
                0x00000140                __vector_24
                0x00000140                __vector_12
                0x00000140                __vector_55
                0x00000140                __vector_46
                0x00000140                __bad_interrupt
                0x00000140                __vector_6
                0x00000140                __vector_31
                0x00000140                __vector_35
                0x00000140                __vector_39
                0x00000140                __vector_3
                0x00000140                __vector_23
                0x00000140                __vector_30
                0x00000140                __vector_45
                0x00000140                __vector_25
                0x00000140                __vector_11
                0x00000140                __vector_54
                0x00000140                __vector_13
                0x00000140                __vector_19
                0x00000140                __vector_56
                0x00000140                __vector_7
                0x00000140                __vector_49
                0x00000140                __vector_41
                0x00000140                __vector_43
                0x00000140                __vector_27
                0x00000140                __vector_5
                0x00000140                __vector_33
                0x00000140                __vector_47
                0x00000140                __vector_52
                0x00000140                __vector_37
                0x00000140                __vector_4
                0x00000140                __vector_44
                0x00000140                __vector_51
                0x00000140                __vector_9
                0x00000140                __vector_2
                0x00000140                __vector_21
                0x00000140                __vector_15
                0x00000140                __vector_36
                0x00000140                __vector_29
                0x00000140                __vector_40
                0x00000140                __vector_8
                0x00000140                __vector_26
                0x00000140                __vector_48
                0x00000140                __vector_14
                0x00000140                __vector_53
                0x00000140                __vector_10
                0x00000140                __vector_50
                0x00000140                __vector_16
                0x00000140                __vector_18
                0x00000140                __vector_20
                0x00000140                __vector_42
 .text          0x00000142      0x154 cswitch.o
                0x00000142                Exit_Kernel
                0x00000142                CSwitch
                0x000001ec                Enter_Kernel
                0x00000296                . = ALIGN (0x2)
 *(.text.*)
 .text.findProcessByPID
                0x00000296       0x6c kernel.o
                0x00000296                findProcessByPID
 .text.findEventByEventID
                0x00000302       0x78 kernel.o
                0x00000302                findEventByEventID
 .text.findMutexByMutexID
                0x0000037a       0x74 kernel.o
                0x0000037a                findMutexByMutexID
 .text.__vector_17
                0x000003ee       0x2e kernel.o
                0x000003ee                __vector_17
 .text.Kernel_Tick_Handler
                0x0000041c       0xee kernel.o
                0x0000041c                Kernel_Tick_Handler
 .text.Dispatch
                0x0000050a      0x12c kernel.o
 .text.Kernel_Create_Task
                0x00000636      0x12c kernel.o
                0x00000636                Kernel_Create_Task
 .text.Kernel_Create_Event
                0x00000762       0xbe kernel.o
                0x00000762                Kernel_Create_Event
 .text.Kernel_Create_Mutex
                0x00000820      0x128 kernel.o
                0x00000820                Kernel_Create_Mutex
 .text.Timer_init
                0x00000948       0x42 kernel.o
                0x00000948                Timer_init
 .text.OS_Init  0x0000098a       0xea kernel.o
                0x0000098a                OS_Init
 .text.OS_Start
                0x00000a74      0x772 kernel.o
                0x00000a74                OS_Start
 .text.Task_Create
                0x000011e6       0x66 os.o
                0x000011e6                Task_Create
 .text.Task_Terminate
                0x0000124c       0x28 os.o
                0x0000124c                Task_Terminate
 .text.Task_Yield
                0x00001274       0x28 os.o
                0x00001274                Task_Yield
 .text.Mutex_Init
                0x0000129c       0x58 os.o
                0x0000129c                Mutex_Init
 .text.Mutex_Lock
                0x000012f4       0x2c os.o
                0x000012f4                Mutex_Lock
 .text.Mutex_Unlock
                0x00001320       0x2c os.o
                0x00001320                Mutex_Unlock
 .text.main     0x0000134c        0xe os.o
                0x0000134c                main
 .text.task_r   0x0000135a       0x14 test3_priority_inheritance.o
                0x0000135a                task_r
 .text.task_q   0x0000136e       0x3a test3_priority_inheritance.o
                0x0000136e                task_q
 .text.task_p   0x000013a8       0x60 test3_priority_inheritance.o
                0x000013a8                task_p
 .text.a_main   0x00001408       0x12 test3_priority_inheritance.o
                0x00001408                a_main
 .text.uart_putchar
                0x0000141a       0x1e uart/uart.o
                0x0000141a                uart_putchar
 .text.uart_getchar
                0x00001438       0x10 uart/uart.o
                0x00001438                uart_getchar
 .text.uart_init
                0x00001448       0x22 uart/uart.o
                0x00001448                uart_init
 .text.uart_setredir
                0x0000146a       0x16 uart/uart.o
                0x0000146a                uart_setredir
 .text.libgcc   0x00001480       0x10 c:/program files (x86)/atmel/studio/7.0/toolchain/avr8/avr8-gnu-toolchain/bin/../lib/gcc/avr/4.9.2/avr6\libgcc.a(_tablejump2.o)
                0x00001480                __tablejump2__
 .text.avr-libc
                0x00001490       0x26 c:/program files (x86)/atmel/studio/7.0/toolchain/avr8/avr8-gnu-toolchain/bin/../lib/gcc/avr/4.9.2/../../../../avr/lib/avr6\libc.a(printf.o)
                0x00001490                printf
 .text.avr-libc
                0x000014b6       0x60 c:/program files (x86)/atmel/studio/7.0/toolchain/avr8/avr8-gnu-toolchain/bin/../lib/gcc/avr/4.9.2/../../../../avr/lib/avr6\libc.a(puts.o)
                0x000014b6                puts
 .text.avr-libc
                0x00001516      0x3dc c:/program files (x86)/atmel/studio/7.0/toolchain/avr8/avr8-gnu-toolchain/bin/../lib/gcc/avr/4.9.2/../../../../avr/lib/avr6\libc.a(vfprintf_std.o)
                0x00001516                vfprintf
 .text.avr-libc
                0x000018f2       0x16 c:/program files (x86)/atmel/studio/7.0/toolchain/avr8/avr8-gnu-toolchain/bin/../lib/gcc/avr/4.9.2/../../../../avr/lib/avr6\libc.a(strnlen_P.o)
                0x000018f2                strnlen_P
 .text.avr-libc
                0x00001908       0x16 c:/program files (x86)/atmel/studio/7.0/toolchain/avr8/avr8-gnu-toolchain/bin/../lib/gcc/avr/4.9.2/../../../../avr/lib/avr6\libc.a(strnlen.o)
                0x00001908                strnlen
 .text.avr-libc
                0x0000191e       0x70 c:/program files (x86)/atmel/studio/7.0/toolchain/avr8/avr8-gnu-toolchain/bin/../lib/gcc/avr/4.9.2/../../../../avr/lib/avr6\libc.a(fputc.o)
                0x0000191e                fputc
 .text.avr-libc
                0x0000198e       0xbc c:/program files (x86)/atmel/studio/7.0/toolchain/avr8/avr8-gnu-toolchain/bin/../lib/gcc/avr/4.9.2/../../../../avr/lib/avr6\libc.a(ultoa_invert.o)
                0x0000198e                __ultoa_invert
                0x00001a4a                . = ALIGN (0x2)
 *(.fini9)
 .fini9         0x00001a4a        0x0 c:/program files (x86)/atmel/studio/7.0/toolchain/avr8/avr8-gnu-toolchain/bin/../lib/gcc/avr/4.9.2/avr6\libgcc.a(_exit.o)
                0x00001a4a                _exit
                0x00001a4a                exit
 *(.fini9)
 *(.fini8)
 *(.fini8)
 *(.fini7)
 *(.fini7)
 *(.fini6)
 *(.fini6)
 *(.fini5)
 *(.fini5)
 *(.fini4)
 *(.fini4)
 *(.fini3)
 *(.fini3)
 *(.fini2)
 *(.fini2)
 *(.fini1)
 *(.fini1)
 *(.fini0)
 .fini0         0x00001a4a        0x4 c:/program files (x86)/atmel/studio/7.0/toolchain/avr8/avr8-gnu-toolchain/bin/../lib/gcc/avr/4.9.2/avr6\libgcc.a(_exit.o)
 *(.fini0)
                0x00001a4e                _etext = .

.data           0x00800200      0x670 load address 0x00001a4e
                0x00800200                PROVIDE (__data_start, .)
 *(.data)
 *(.data*)
 .data.uart_input
                0x00800200        0xe uart/uart.o
                0x00800200                uart_input
 .data.uart_output
                0x0080020e        0xe uart/uart.o
                0x0080020e                uart_output
 *(.rodata)
 *(.rodata*)
 .rodata.str1.1
                0x0080021c      0x4d3 kernel.o
 .rodata.str1.1
                0x008006ef       0x45 os.o
 .rodata.str1.1
                0x00800734      0x13c test3_priority_inheritance.o
 *(.gnu.linkonce.d*)
                0x00800870                . = ALIGN (0x2)
                0x00800870                _edata = .
                0x00800870                PROVIDE (__data_end, .)

.bss            0x00800870     0x140f
                0x00800870                PROVIDE (__bss_start, .)
 *(.bss)
 *(.bss*)
 .bss.Tick_Count
                0x00800870        0x2 kernel.o
 .bss.Mutex_Count
                0x00800872        0x2 kernel.o
 .bss.Event_Count
                0x00800874        0x2 kernel.o
 .bss.Task_Count
                0x00800876        0x2 kernel.o
 .bss.NextP     0x00800878        0x2 kernel.o
 .bss.Mutex     0x0080087a      0x2d8 kernel.o
 .bss.Event     0x00800b52       0x30 kernel.o
 .bss.Process   0x00800b82     0x10e0 kernel.o
 *(COMMON)
 COMMON         0x00801c62        0xf kernel.o
                0x00801c62                Last_PID
                0x00801c64                KernelActive
                0x00801c66                Last_EventID
                0x00801c68                err
                0x00801c69                CurrentSp
                0x00801c6b                Cp
                0x00801c6d                Last_MutexID
                0x00801c6f                KernelSp
 COMMON         0x00801c71        0x8 test1.o
                0x00801c71                evt
                0x00801c73                mut
                0x00801c75                m1
                0x00801c77                e1
 COMMON         0x00801c79        0x6 c:/program files (x86)/atmel/studio/7.0/toolchain/avr8/avr8-gnu-toolchain/bin/../lib/gcc/avr/4.9.2/../../../../avr/lib/avr6\libc.a(iob.o)
                0x00801c79                __iob
                0x00801c7f                PROVIDE (__bss_end, .)
                0x00001a4e                __data_load_start = LOADADDR (.data)
                0x000020be                __data_load_end = (__data_load_start + SIZEOF (.data))

.noinit         0x00801c7f        0x0
                0x00801c7f                PROVIDE (__noinit_start, .)
 *(.noinit*)
                0x00801c7f                PROVIDE (__noinit_end, .)
                0x00801c7f                _end = .
                0x00801c7f                PROVIDE (__heap_start, .)

.eeprom         0x00810000        0x0
 *(.eeprom*)
                0x00810000                __eeprom_end = .

.fuse
 *(.fuse)
 *(.lfuse)
 *(.hfuse)
 *(.efuse)

.lock
 *(.lock*)

.signature
 *(.signature*)

.user_signatures
 *(.user_signatures*)

.stab
 *(.stab)

.stabstr
 *(.stabstr)

.stab.excl
 *(.stab.excl)

.stab.exclstr
 *(.stab.exclstr)

.stab.index
 *(.stab.index)

.stab.indexstr
 *(.stab.indexstr)

.comment        0x00000000       0x5c
 *(.comment)
 .comment       0x00000000       0x30 kernel.o
                                 0x31 (size before relaxing)
 .comment       0x00000030       0x31 os.o
 .comment       0x00000030       0x31 test1.o
 .comment       0x00000030       0x31 test3_priority_inheritance.o
 .comment       0x00000030       0x31 uart/uart.o
 .comment       0x00000030       0x31 c:/program files (x86)/atmel/studio/7.0/toolchain/avr8/avr8-gnu-toolchain/bin/../lib/gcc/avr/4.9.2/../../../../avr/lib/avr6\libc.a(iob.o)
 .comment       0x00000030       0x31 c:/program files (x86)/atmel/studio/7.0/toolchain/avr8/avr8-gnu-toolchain/bin/../lib/gcc/avr/4.9.2/../../../../avr/lib/avr6\libc.a(printf.o)
 .comment       0x00000030       0x31 c:/program files (x86)/atmel/studio/7.0/toolchain/avr8/avr8-gnu-toolchain/bin/../lib/gcc/avr/4.9.2/../../../../avr/lib/avr6\libc.a(puts.o)
 .comment       0x00000030       0x2c c:/program files (x86)/atmel/studio/7.0/toolchain/avr8/avr8-gnu-toolchain/bin/../lib/gcc/avr/4.9.2/../../../../avr/lib/avr6\libc.a(vfprintf_std.o)
                                 0x2d (size before relaxing)
 .comment       0x0000005c       0x31 c:/program files (x86)/atmel/studio/7.0/toolchain/avr8/avr8-gnu-toolchain/bin/../lib/gcc/avr/4.9.2/../../../../avr/lib/avr6\libc.a(fputc.o)

.note.gnu.avr.deviceinfo
                0x00000000       0x40
 .note.gnu.avr.deviceinfo
                0x00000000       0x40 C:/Program Files (x86)/Atmel/Studio/7.0/Packs/atmel/ATmega_DFP/1.0.90/gcc/dev/atmega2560/avr6/crtatmega2560.o

.note.gnu.build-id
 *(.note.gnu.build-id)

.debug
 *(.debug)

.line
 *(.line)

.debug_srcinfo
 *(.debug_srcinfo)

.debug_sfnames
 *(.debug_sfnames)

.debug_aranges  0x00000000      0x1f8
 *(.debug_aranges)
 .debug_aranges
                0x00000000       0x20 cswitch.o
 .debug_aranges
                0x00000020       0x88 kernel.o
 .debug_aranges
                0x000000a8       0x88 os.o
 .debug_aranges
                0x00000130       0x58 test1.o
 .debug_aranges
                0x00000188       0x38 test3_priority_inheritance.o
 .debug_aranges
                0x000001c0       0x38 uart/uart.o

.debug_pubnames
 *(.debug_pubnames)

.debug_info     0x00000000     0x2124
 *(.debug_info .gnu.linkonce.wi.*)
 .debug_info    0x00000000       0x76 cswitch.o
 .debug_info    0x00000076      0xe96 kernel.o
 .debug_info    0x00000f0c      0x677 os.o
 .debug_info    0x00001583      0x584 test1.o
 .debug_info    0x00001b07      0x3f4 test3_priority_inheritance.o
 .debug_info    0x00001efb      0x229 uart/uart.o

.debug_abbrev   0x00000000      0x97f
 *(.debug_abbrev)
 .debug_abbrev  0x00000000       0x14 cswitch.o
 .debug_abbrev  0x00000014      0x325 kernel.o
 .debug_abbrev  0x00000339      0x1f5 os.o
 .debug_abbrev  0x0000052e      0x163 test1.o
 .debug_abbrev  0x00000691      0x195 test3_priority_inheritance.o
 .debug_abbrev  0x00000826      0x159 uart/uart.o

.debug_line     0x00000000     0x14ec
 *(.debug_line .debug_line.* .debug_line_end)
 .debug_line    0x00000000       0xbb cswitch.o
 .debug_line    0x000000bb      0xa76 kernel.o
 .debug_line    0x00000b31      0x40d os.o
 .debug_line    0x00000f3e      0x2d3 test1.o
 .debug_line    0x00001211      0x19a test3_priority_inheritance.o
 .debug_line    0x000013ab      0x141 uart/uart.o

.debug_frame    0x00000000      0x4b0
 *(.debug_frame)
 .debug_frame   0x00000000      0x1c4 kernel.o
 .debug_frame   0x000001c4      0x124 os.o
 .debug_frame   0x000002e8      0x108 test1.o
 .debug_frame   0x000003f0       0x64 test3_priority_inheritance.o
 .debug_frame   0x00000454       0x5c uart/uart.o

.debug_str      0x00000000      0x86d
 *(.debug_str)
 .debug_str     0x00000000      0x690 kernel.o
                                0x705 (size before relaxing)
 .debug_str     0x00000690       0xd7 os.o
                                0x544 (size before relaxing)
 .debug_str     0x00000767       0x64 test1.o
                                0x27c (size before relaxing)
 .debug_str     0x000007cb       0x37 test3_priority_inheritance.o
                                0x226 (size before relaxing)
 .debug_str     0x00000802       0x6b uart/uart.o
                                0x1f2 (size before relaxing)

.debug_loc      0x00000000     0x146f
 *(.debug_loc)
 .debug_loc     0x00000000      0xd84 kernel.o
 .debug_loc     0x00000d84      0x3a0 os.o
 .debug_loc     0x00001124      0x1e4 test1.o
 .debug_loc     0x00001308       0xcf test3_priority_inheritance.o
 .debug_loc     0x000013d7       0x98 uart/uart.o

.debug_macinfo
 *(.debug_macinfo)

.debug_weaknames
 *(.debug_weaknames)

.debug_funcnames
 *(.debug_funcnames)

.debug_typenames
 *(.debug_typenames)

.debug_varnames
 *(.debug_varnames)

.debug_pubtypes
 *(.debug_pubtypes)

.debug_ranges   0x00000000      0x220
 *(.debug_ranges)
 .debug_ranges  0x00000000      0x110 kernel.o
 .debug_ranges  0x00000110       0x78 os.o
 .debug_ranges  0x00000188       0x48 test1.o
 .debug_ranges  0x000001d0       0x28 test3_priority_inheritance.o
 .debug_ranges  0x000001f8       0x28 uart/uart.o

.debug_macro
 *(.debug_macro)
OUTPUT(p2.elf elf32-avr)
LOAD linker stubs
