Archive member included to satisfy reference by file (symbol)

c:/program files (x86)/atmel/studio/7.0/toolchain/avr8/avr8-gnu-toolchain/bin/../lib/gcc/avr/4.9.2/avr6\libgcc.a(_exit.o)
                              C:/Program Files (x86)/Atmel/Studio/7.0/Packs/atmel/ATmega_DFP/1.0.90/gcc/dev/atmega2560/avr6/crtatmega2560.o (exit)
c:/program files (x86)/atmel/studio/7.0/toolchain/avr8/avr8-gnu-toolchain/bin/../lib/gcc/avr/4.9.2/avr6\libgcc.a(_tablejump2.o)
                              kernel.o (__tablejump2__)
c:/program files (x86)/atmel/studio/7.0/toolchain/avr8/avr8-gnu-toolchain/bin/../lib/gcc/avr/4.9.2/avr6\libgcc.a(_copy_data.o)
                              kernel.o (__do_copy_data)
c:/program files (x86)/atmel/studio/7.0/toolchain/avr8/avr8-gnu-toolchain/bin/../lib/gcc/avr/4.9.2/avr6\libgcc.a(_clear_bss.o)
                              kernel.o (__do_clear_bss)
c:/program files (x86)/atmel/studio/7.0/toolchain/avr8/avr8-gnu-toolchain/bin/../lib/gcc/avr/4.9.2/../../../../avr/lib/avr6\libc.a(iob.o)
                              uart/uart.o (__iob)
c:/program files (x86)/atmel/studio/7.0/toolchain/avr8/avr8-gnu-toolchain/bin/../lib/gcc/avr/4.9.2/../../../../avr/lib/avr6\libc.a(puts.o)
                              kernel.o (puts)

Allocating common symbols
Common symbol       size              file

Last_PID            0x2               kernel.o
KernelActive        0x2               kernel.o
mut                 0x2               test_priority_inheritance.o
Last_EventID        0x2               kernel.o
err                 0x1               kernel.o
CurrentSp           0x2               kernel.o
Cp                  0x2               kernel.o
Last_MutexID        0x2               kernel.o
__iob               0x6               c:/program files (x86)/atmel/studio/7.0/toolchain/avr8/avr8-gnu-toolchain/bin/../lib/gcc/avr/4.9.2/../../../../avr/lib/avr6\libc.a(iob.o)
KernelSp            0x2               kernel.o

Discarded input sections

 .data          0x00000000        0x0 C:/Program Files (x86)/Atmel/Studio/7.0/Packs/atmel/ATmega_DFP/1.0.90/gcc/dev/atmega2560/avr6/crtatmega2560.o
 .bss           0x00000000        0x0 C:/Program Files (x86)/Atmel/Studio/7.0/Packs/atmel/ATmega_DFP/1.0.90/gcc/dev/atmega2560/avr6/crtatmega2560.o
 .data          0x00000000        0x0 cswitch.o
 .bss           0x00000000        0x0 cswitch.o
 .text          0x00000000        0x0 kernel.o
 .data          0x00000000        0x0 kernel.o
 .bss           0x00000000        0x0 kernel.o
 .text.findPIDByFuncPtr
                0x00000000       0x64 kernel.o
 .text.getEventCount
                0x00000000       0x16 kernel.o
 .text          0x00000000        0x0 os.o
 .data          0x00000000        0x0 os.o
 .bss           0x00000000        0x0 os.o
 .text.Task_GetArg
                0x00000000       0x20 os.o
 .text.Task_Suspend
                0x00000000       0x2c os.o
 .text.Task_Resume
                0x00000000       0x2c os.o
 .text.Task_Sleep
                0x00000000       0x2c os.o
 .text.Event_Init
                0x00000000       0x3c os.o
 .text.Event_Wait
                0x00000000       0x2c os.o
 .text.Event_Signal
                0x00000000       0x2c os.o
 .text          0x00000000        0x0 test_priority_inheritance.o
 .data          0x00000000        0x0 test_priority_inheritance.o
 .bss           0x00000000        0x0 test_priority_inheritance.o
 .text          0x00000000        0x0 uart/uart.o
 .data          0x00000000        0x0 uart/uart.o
 .bss           0x00000000        0x0 uart/uart.o
 .text.uart_putchar
                0x00000000       0x20 uart/uart.o
 .text.uart_getchar
                0x00000000       0x10 uart/uart.o
 .text.uart_init
                0x00000000       0x22 uart/uart.o
 .text.uart_setredir
                0x00000000       0x16 uart/uart.o
 .data.uart_input
                0x00000000        0xe uart/uart.o
 .data.uart_output
                0x00000000        0xe uart/uart.o
 .debug_info    0x00000000      0x229 uart/uart.o
 .debug_abbrev  0x00000000      0x159 uart/uart.o
 .debug_loc     0x00000000       0x98 uart/uart.o
 .debug_aranges
                0x00000000       0x38 uart/uart.o
 .debug_ranges  0x00000000       0x28 uart/uart.o
 .debug_line    0x00000000      0x141 uart/uart.o
 .debug_str     0x00000000      0x1f2 uart/uart.o
 .comment       0x00000000       0x31 uart/uart.o
 .debug_frame   0x00000000       0x5c uart/uart.o
 .text          0x00000000        0x0 c:/program files (x86)/atmel/studio/7.0/toolchain/avr8/avr8-gnu-toolchain/bin/../lib/gcc/avr/4.9.2/avr6\libgcc.a(_exit.o)
 .data          0x00000000        0x0 c:/program files (x86)/atmel/studio/7.0/toolchain/avr8/avr8-gnu-toolchain/bin/../lib/gcc/avr/4.9.2/avr6\libgcc.a(_exit.o)
 .bss           0x00000000        0x0 c:/program files (x86)/atmel/studio/7.0/toolchain/avr8/avr8-gnu-toolchain/bin/../lib/gcc/avr/4.9.2/avr6\libgcc.a(_exit.o)
 .text.libgcc.mul
                0x00000000        0x0 c:/program files (x86)/atmel/studio/7.0/toolchain/avr8/avr8-gnu-toolchain/bin/../lib/gcc/avr/4.9.2/avr6\libgcc.a(_exit.o)
 .text.libgcc.div
                0x00000000        0x0 c:/program files (x86)/atmel/studio/7.0/toolchain/avr8/avr8-gnu-toolchain/bin/../lib/gcc/avr/4.9.2/avr6\libgcc.a(_exit.o)
 .text.libgcc   0x00000000        0x0 c:/program files (x86)/atmel/studio/7.0/toolchain/avr8/avr8-gnu-toolchain/bin/../lib/gcc/avr/4.9.2/avr6\libgcc.a(_exit.o)
 .text.libgcc.prologue
                0x00000000        0x0 c:/program files (x86)/atmel/studio/7.0/toolchain/avr8/avr8-gnu-toolchain/bin/../lib/gcc/avr/4.9.2/avr6\libgcc.a(_exit.o)
 .text.libgcc.builtins
                0x00000000        0x0 c:/program files (x86)/atmel/studio/7.0/toolchain/avr8/avr8-gnu-toolchain/bin/../lib/gcc/avr/4.9.2/avr6\libgcc.a(_exit.o)
 .text.libgcc.fmul
                0x00000000        0x0 c:/program files (x86)/atmel/studio/7.0/toolchain/avr8/avr8-gnu-toolchain/bin/../lib/gcc/avr/4.9.2/avr6\libgcc.a(_exit.o)
 .text.libgcc.fixed
                0x00000000        0x0 c:/program files (x86)/atmel/studio/7.0/toolchain/avr8/avr8-gnu-toolchain/bin/../lib/gcc/avr/4.9.2/avr6\libgcc.a(_exit.o)
 .text          0x00000000        0x0 c:/program files (x86)/atmel/studio/7.0/toolchain/avr8/avr8-gnu-toolchain/bin/../lib/gcc/avr/4.9.2/avr6\libgcc.a(_tablejump2.o)
 .data          0x00000000        0x0 c:/program files (x86)/atmel/studio/7.0/toolchain/avr8/avr8-gnu-toolchain/bin/../lib/gcc/avr/4.9.2/avr6\libgcc.a(_tablejump2.o)
 .bss           0x00000000        0x0 c:/program files (x86)/atmel/studio/7.0/toolchain/avr8/avr8-gnu-toolchain/bin/../lib/gcc/avr/4.9.2/avr6\libgcc.a(_tablejump2.o)
 .text.libgcc.mul
                0x00000000        0x0 c:/program files (x86)/atmel/studio/7.0/toolchain/avr8/avr8-gnu-toolchain/bin/../lib/gcc/avr/4.9.2/avr6\libgcc.a(_tablejump2.o)
 .text.libgcc.div
                0x00000000        0x0 c:/program files (x86)/atmel/studio/7.0/toolchain/avr8/avr8-gnu-toolchain/bin/../lib/gcc/avr/4.9.2/avr6\libgcc.a(_tablejump2.o)
 .text.libgcc.prologue
                0x00000000        0x0 c:/program files (x86)/atmel/studio/7.0/toolchain/avr8/avr8-gnu-toolchain/bin/../lib/gcc/avr/4.9.2/avr6\libgcc.a(_tablejump2.o)
 .text.libgcc.builtins
                0x00000000        0x0 c:/program files (x86)/atmel/studio/7.0/toolchain/avr8/avr8-gnu-toolchain/bin/../lib/gcc/avr/4.9.2/avr6\libgcc.a(_tablejump2.o)
 .text.libgcc.fmul
                0x00000000        0x0 c:/program files (x86)/atmel/studio/7.0/toolchain/avr8/avr8-gnu-toolchain/bin/../lib/gcc/avr/4.9.2/avr6\libgcc.a(_tablejump2.o)
 .text.libgcc.fixed
                0x00000000        0x0 c:/program files (x86)/atmel/studio/7.0/toolchain/avr8/avr8-gnu-toolchain/bin/../lib/gcc/avr/4.9.2/avr6\libgcc.a(_tablejump2.o)
 .text          0x00000000        0x0 c:/program files (x86)/atmel/studio/7.0/toolchain/avr8/avr8-gnu-toolchain/bin/../lib/gcc/avr/4.9.2/avr6\libgcc.a(_copy_data.o)
 .data          0x00000000        0x0 c:/program files (x86)/atmel/studio/7.0/toolchain/avr8/avr8-gnu-toolchain/bin/../lib/gcc/avr/4.9.2/avr6\libgcc.a(_copy_data.o)
 .bss           0x00000000        0x0 c:/program files (x86)/atmel/studio/7.0/toolchain/avr8/avr8-gnu-toolchain/bin/../lib/gcc/avr/4.9.2/avr6\libgcc.a(_copy_data.o)
 .text.libgcc.mul
                0x00000000        0x0 c:/program files (x86)/atmel/studio/7.0/toolchain/avr8/avr8-gnu-toolchain/bin/../lib/gcc/avr/4.9.2/avr6\libgcc.a(_copy_data.o)
 .text.libgcc.div
                0x00000000        0x0 c:/program files (x86)/atmel/studio/7.0/toolchain/avr8/avr8-gnu-toolchain/bin/../lib/gcc/avr/4.9.2/avr6\libgcc.a(_copy_data.o)
 .text.libgcc   0x00000000        0x0 c:/program files (x86)/atmel/studio/7.0/toolchain/avr8/avr8-gnu-toolchain/bin/../lib/gcc/avr/4.9.2/avr6\libgcc.a(_copy_data.o)
 .text.libgcc.prologue
                0x00000000        0x0 c:/program files (x86)/atmel/studio/7.0/toolchain/avr8/avr8-gnu-toolchain/bin/../lib/gcc/avr/4.9.2/avr6\libgcc.a(_copy_data.o)
 .text.libgcc.builtins
                0x00000000        0x0 c:/program files (x86)/atmel/studio/7.0/toolchain/avr8/avr8-gnu-toolchain/bin/../lib/gcc/avr/4.9.2/avr6\libgcc.a(_copy_data.o)
 .text.libgcc.fmul
                0x00000000        0x0 c:/program files (x86)/atmel/studio/7.0/toolchain/avr8/avr8-gnu-toolchain/bin/../lib/gcc/avr/4.9.2/avr6\libgcc.a(_copy_data.o)
 .text.libgcc.fixed
                0x00000000        0x0 c:/program files (x86)/atmel/studio/7.0/toolchain/avr8/avr8-gnu-toolchain/bin/../lib/gcc/avr/4.9.2/avr6\libgcc.a(_copy_data.o)
 .text          0x00000000        0x0 c:/program files (x86)/atmel/studio/7.0/toolchain/avr8/avr8-gnu-toolchain/bin/../lib/gcc/avr/4.9.2/avr6\libgcc.a(_clear_bss.o)
 .data          0x00000000        0x0 c:/program files (x86)/atmel/studio/7.0/toolchain/avr8/avr8-gnu-toolchain/bin/../lib/gcc/avr/4.9.2/avr6\libgcc.a(_clear_bss.o)
 .bss           0x00000000        0x0 c:/program files (x86)/atmel/studio/7.0/toolchain/avr8/avr8-gnu-toolchain/bin/../lib/gcc/avr/4.9.2/avr6\libgcc.a(_clear_bss.o)
 .text.libgcc.mul
                0x00000000        0x0 c:/program files (x86)/atmel/studio/7.0/toolchain/avr8/avr8-gnu-toolchain/bin/../lib/gcc/avr/4.9.2/avr6\libgcc.a(_clear_bss.o)
 .text.libgcc.div
                0x00000000        0x0 c:/program files (x86)/atmel/studio/7.0/toolchain/avr8/avr8-gnu-toolchain/bin/../lib/gcc/avr/4.9.2/avr6\libgcc.a(_clear_bss.o)
 .text.libgcc   0x00000000        0x0 c:/program files (x86)/atmel/studio/7.0/toolchain/avr8/avr8-gnu-toolchain/bin/../lib/gcc/avr/4.9.2/avr6\libgcc.a(_clear_bss.o)
 .text.libgcc.prologue
                0x00000000        0x0 c:/program files (x86)/atmel/studio/7.0/toolchain/avr8/avr8-gnu-toolchain/bin/../lib/gcc/avr/4.9.2/avr6\libgcc.a(_clear_bss.o)
 .text.libgcc.builtins
                0x00000000        0x0 c:/program files (x86)/atmel/studio/7.0/toolchain/avr8/avr8-gnu-toolchain/bin/../lib/gcc/avr/4.9.2/avr6\libgcc.a(_clear_bss.o)
 .text.libgcc.fmul
                0x00000000        0x0 c:/program files (x86)/atmel/studio/7.0/toolchain/avr8/avr8-gnu-toolchain/bin/../lib/gcc/avr/4.9.2/avr6\libgcc.a(_clear_bss.o)
 .text.libgcc.fixed
                0x00000000        0x0 c:/program files (x86)/atmel/studio/7.0/toolchain/avr8/avr8-gnu-toolchain/bin/../lib/gcc/avr/4.9.2/avr6\libgcc.a(_clear_bss.o)
 .text          0x00000000        0x0 c:/program files (x86)/atmel/studio/7.0/toolchain/avr8/avr8-gnu-toolchain/bin/../lib/gcc/avr/4.9.2/../../../../avr/lib/avr6\libc.a(iob.o)
 .data          0x00000000        0x0 c:/program files (x86)/atmel/studio/7.0/toolchain/avr8/avr8-gnu-toolchain/bin/../lib/gcc/avr/4.9.2/../../../../avr/lib/avr6\libc.a(iob.o)
 .bss           0x00000000        0x0 c:/program files (x86)/atmel/studio/7.0/toolchain/avr8/avr8-gnu-toolchain/bin/../lib/gcc/avr/4.9.2/../../../../avr/lib/avr6\libc.a(iob.o)
 .text          0x00000000        0x0 c:/program files (x86)/atmel/studio/7.0/toolchain/avr8/avr8-gnu-toolchain/bin/../lib/gcc/avr/4.9.2/../../../../avr/lib/avr6\libc.a(puts.o)
 .data          0x00000000        0x0 c:/program files (x86)/atmel/studio/7.0/toolchain/avr8/avr8-gnu-toolchain/bin/../lib/gcc/avr/4.9.2/../../../../avr/lib/avr6\libc.a(puts.o)
 .bss           0x00000000        0x0 c:/program files (x86)/atmel/studio/7.0/toolchain/avr8/avr8-gnu-toolchain/bin/../lib/gcc/avr/4.9.2/../../../../avr/lib/avr6\libc.a(puts.o)

Memory Configuration

Name             Origin             Length             Attributes
text             0x00000000         0x00100000         xr
data             0x00800200         0x0000fe00         rw !x
eeprom           0x00810000         0x00010000         rw !x
fuse             0x00820000         0x00000400         rw !x
lock             0x00830000         0x00000400         rw !x
signature        0x00840000         0x00000400         rw !x
user_signatures  0x00850000         0x00000400         rw !x
*default*        0x00000000         0xffffffff

Linker script and memory map

Address of section .data set to 0x800200
LOAD C:/Program Files (x86)/Atmel/Studio/7.0/Packs/atmel/ATmega_DFP/1.0.90/gcc/dev/atmega2560/avr6/crtatmega2560.o
LOAD cswitch.o
LOAD kernel.o
LOAD os.o
LOAD test_priority_inheritance.o
LOAD uart/uart.o
START GROUP
LOAD c:/program files (x86)/atmel/studio/7.0/toolchain/avr8/avr8-gnu-toolchain/bin/../lib/gcc/avr/4.9.2/../../../../avr/lib/avr6\libm.a
END GROUP
START GROUP
LOAD c:/program files (x86)/atmel/studio/7.0/toolchain/avr8/avr8-gnu-toolchain/bin/../lib/gcc/avr/4.9.2/avr6\libgcc.a
LOAD c:/program files (x86)/atmel/studio/7.0/toolchain/avr8/avr8-gnu-toolchain/bin/../lib/gcc/avr/4.9.2/../../../../avr/lib/avr6\libm.a
LOAD c:/program files (x86)/atmel/studio/7.0/toolchain/avr8/avr8-gnu-toolchain/bin/../lib/gcc/avr/4.9.2/../../../../avr/lib/avr6\libc.a
LOAD C:/Program Files (x86)/Atmel/Studio/7.0/Packs/atmel/ATmega_DFP/1.0.90/gcc/dev/atmega2560/avr6\libatmega2560.a
END GROUP

.hash
 *(.hash)

.dynsym
 *(.dynsym)

.dynstr
 *(.dynstr)

.gnu.version
 *(.gnu.version)

.gnu.version_d
 *(.gnu.version_d)

.gnu.version_r
 *(.gnu.version_r)

.rel.init
 *(.rel.init)

.rela.init
 *(.rela.init)

.rel.text
 *(.rel.text)
 *(.rel.text.*)
 *(.rel.gnu.linkonce.t*)

.rela.text
 *(.rela.text)
 *(.rela.text.*)
 *(.rela.gnu.linkonce.t*)

.rel.fini
 *(.rel.fini)

.rela.fini
 *(.rela.fini)

.rel.rodata
 *(.rel.rodata)
 *(.rel.rodata.*)
 *(.rel.gnu.linkonce.r*)

.rela.rodata
 *(.rela.rodata)
 *(.rela.rodata.*)
 *(.rela.gnu.linkonce.r*)

.rel.data
 *(.rel.data)
 *(.rel.data.*)
 *(.rel.gnu.linkonce.d*)

.rela.data
 *(.rela.data)
 *(.rela.data.*)
 *(.rela.gnu.linkonce.d*)

.rel.ctors
 *(.rel.ctors)

.rela.ctors
 *(.rela.ctors)

.rel.dtors
 *(.rel.dtors)

.rela.dtors
 *(.rela.dtors)

.rel.got
 *(.rel.got)

.rela.got
 *(.rela.got)

.rel.bss
 *(.rel.bss)

.rela.bss
 *(.rela.bss)

.rel.plt
 *(.rel.plt)

.rela.plt
 *(.rela.plt)

.text           0x00000000     0x128c
 *(.vectors)
 .vectors       0x00000000       0xe4 C:/Program Files (x86)/Atmel/Studio/7.0/Packs/atmel/ATmega_DFP/1.0.90/gcc/dev/atmega2560/avr6/crtatmega2560.o
                0x00000000                __vector_default
                0x00000000                __vectors
 *(.vectors)
 *(.progmem.gcc*)
 .progmem.gcc_sw_table.OS_Start
                0x000000e4       0x1a kernel.o
                0x000000fe                . = ALIGN (0x2)
                0x000000fe                __trampolines_start = .
 *(.trampolines)
 .trampolines   0x000000fe        0x0 linker stubs
 *(.trampolines*)
                0x000000fe                __trampolines_end = .
 *(.progmem*)
                0x000000fe                . = ALIGN (0x2)
 *(.jumptables)
 *(.jumptables*)
 *(.lowtext)
 *(.lowtext*)
                0x000000fe                __ctors_start = .
 *(.ctors)
                0x000000fe                __ctors_end = .
                0x000000fe                __dtors_start = .
 *(.dtors)
                0x000000fe                __dtors_end = .
 SORT(*)(.ctors)
 SORT(*)(.dtors)
 *(.init0)
 .init0         0x000000fe        0x0 C:/Program Files (x86)/Atmel/Studio/7.0/Packs/atmel/ATmega_DFP/1.0.90/gcc/dev/atmega2560/avr6/crtatmega2560.o
                0x000000fe                __init
 *(.init0)
 *(.init1)
 *(.init1)
 *(.init2)
 .init2         0x000000fe       0x10 C:/Program Files (x86)/Atmel/Studio/7.0/Packs/atmel/ATmega_DFP/1.0.90/gcc/dev/atmega2560/avr6/crtatmega2560.o
 *(.init2)
 *(.init3)
 *(.init3)
 *(.init4)
 .init4         0x0000010e       0x1a c:/program files (x86)/atmel/studio/7.0/toolchain/avr8/avr8-gnu-toolchain/bin/../lib/gcc/avr/4.9.2/avr6\libgcc.a(_copy_data.o)
                0x0000010e                __do_copy_data
 .init4         0x00000128       0x10 c:/program files (x86)/atmel/studio/7.0/toolchain/avr8/avr8-gnu-toolchain/bin/../lib/gcc/avr/4.9.2/avr6\libgcc.a(_clear_bss.o)
                0x00000128                __do_clear_bss
 *(.init4)
 *(.init5)
 *(.init5)
 *(.init6)
 *(.init6)
 *(.init7)
 *(.init7)
 *(.init8)
 *(.init8)
 *(.init9)
 .init9         0x00000138        0x8 C:/Program Files (x86)/Atmel/Studio/7.0/Packs/atmel/ATmega_DFP/1.0.90/gcc/dev/atmega2560/avr6/crtatmega2560.o
 *(.init9)
 *(.text)
 .text          0x00000140        0x2 C:/Program Files (x86)/Atmel/Studio/7.0/Packs/atmel/ATmega_DFP/1.0.90/gcc/dev/atmega2560/avr6/crtatmega2560.o
                0x00000140                __vector_38
                0x00000140                __vector_22
                0x00000140                __vector_28
                0x00000140                __vector_1
                0x00000140                __vector_32
                0x00000140                __vector_34
                0x00000140                __vector_24
                0x00000140                __vector_12
                0x00000140                __vector_55
                0x00000140                __vector_46
                0x00000140                __bad_interrupt
                0x00000140                __vector_6
                0x00000140                __vector_31
                0x00000140                __vector_35
                0x00000140                __vector_39
                0x00000140                __vector_3
                0x00000140                __vector_23
                0x00000140                __vector_30
                0x00000140                __vector_45
                0x00000140                __vector_25
                0x00000140                __vector_11
                0x00000140                __vector_54
                0x00000140                __vector_13
                0x00000140                __vector_19
                0x00000140                __vector_56
                0x00000140                __vector_7
                0x00000140                __vector_49
                0x00000140                __vector_41
                0x00000140                __vector_43
                0x00000140                __vector_27
                0x00000140                __vector_5
                0x00000140                __vector_33
                0x00000140                __vector_47
                0x00000140                __vector_52
                0x00000140                __vector_37
                0x00000140                __vector_4
                0x00000140                __vector_44
                0x00000140                __vector_51
                0x00000140                __vector_9
                0x00000140                __vector_2
                0x00000140                __vector_21
                0x00000140                __vector_15
                0x00000140                __vector_36
                0x00000140                __vector_29
                0x00000140                __vector_40
                0x00000140                __vector_8
                0x00000140                __vector_26
                0x00000140                __vector_48
                0x00000140                __vector_14
                0x00000140                __vector_53
                0x00000140                __vector_10
                0x00000140                __vector_50
                0x00000140                __vector_16
                0x00000140                __vector_18
                0x00000140                __vector_20
                0x00000140                __vector_42
 .text          0x00000142      0x154 cswitch.o
                0x00000142                Exit_Kernel
                0x00000142                CSwitch
                0x000001ec                Enter_Kernel
                0x00000296                . = ALIGN (0x2)
 *(.text.*)
 .text.findProcessByPID
                0x00000296       0x6c kernel.o
                0x00000296                findProcessByPID
 .text.findEventByEventID
                0x00000302       0x70 kernel.o
                0x00000302                findEventByEventID
 .text.findMutexByMutexID
                0x00000372       0x6c kernel.o
                0x00000372                findMutexByMutexID
 .text.__vector_17
                0x000003de       0x2e kernel.o
                0x000003de                __vector_17
 .text.Kernel_Tick_Handler
                0x0000040c       0xee kernel.o
                0x0000040c                Kernel_Tick_Handler
 .text.Dispatch
                0x000004fa      0x12c kernel.o
 .text.Kernel_Create_Task
                0x00000626      0x106 kernel.o
                0x00000626                Kernel_Create_Task
 .text.Kernel_Create_Event
                0x0000072c       0x9a kernel.o
                0x0000072c                Kernel_Create_Event
 .text.Kernel_Create_Mutex
                0x000007c6      0x104 kernel.o
                0x000007c6                Kernel_Create_Mutex
 .text.Timer_init
                0x000008ca       0x3c kernel.o
                0x000008ca                Timer_init
 .text.OS_Init  0x00000906       0xe4 kernel.o
                0x00000906                OS_Init
 .text.OS_Start
                0x000009ea      0x676 kernel.o
                0x000009ea                OS_Start
 .text.Task_Create
                0x00001060       0x46 os.o
                0x00001060                Task_Create
 .text.Task_Terminate
                0x000010a6       0x26 os.o
                0x000010a6                Task_Terminate
 .text.Task_Yield
                0x000010cc       0x26 os.o
                0x000010cc                Task_Yield
 .text.Mutex_Init
                0x000010f2       0x38 os.o
                0x000010f2                Mutex_Init
 .text.Mutex_Lock
                0x0000112a       0x2a os.o
                0x0000112a                Mutex_Lock
 .text.Mutex_Unlock
                0x00001154       0x2a os.o
                0x00001154                Mutex_Unlock
 .text.main     0x0000117e        0x4 os.o
                0x0000117e                main
 .text.task_r   0x00001182        0x8 test_priority_inheritance.o
                0x00001182                task_r
 .text.task_q   0x0000118a       0x34 test_priority_inheritance.o
                0x0000118a                task_q
 .text.task_p   0x000011be       0x38 test_priority_inheritance.o
                0x000011be                task_p
 .text.a_main   0x000011f6       0x22 test_priority_inheritance.o
                0x000011f6                a_main
 .text.libgcc   0x00001218       0x10 c:/program files (x86)/atmel/studio/7.0/toolchain/avr8/avr8-gnu-toolchain/bin/../lib/gcc/avr/4.9.2/avr6\libgcc.a(_tablejump2.o)
                0x00001218                __tablejump2__
 .text.avr-libc
                0x00001228       0x60 c:/program files (x86)/atmel/studio/7.0/toolchain/avr8/avr8-gnu-toolchain/bin/../lib/gcc/avr/4.9.2/../../../../avr/lib/avr6\libc.a(puts.o)
                0x00001228                puts
                0x00001288                . = ALIGN (0x2)
 *(.fini9)
 .fini9         0x00001288        0x0 c:/program files (x86)/atmel/studio/7.0/toolchain/avr8/avr8-gnu-toolchain/bin/../lib/gcc/avr/4.9.2/avr6\libgcc.a(_exit.o)
                0x00001288                _exit
                0x00001288                exit
 *(.fini9)
 *(.fini8)
 *(.fini8)
 *(.fini7)
 *(.fini7)
 *(.fini6)
 *(.fini6)
 *(.fini5)
 *(.fini5)
 *(.fini4)
 *(.fini4)
 *(.fini3)
 *(.fini3)
 *(.fini2)
 *(.fini2)
 *(.fini1)
 *(.fini1)
 *(.fini0)
 .fini0         0x00001288        0x4 c:/program files (x86)/atmel/studio/7.0/toolchain/avr8/avr8-gnu-toolchain/bin/../lib/gcc/avr/4.9.2/avr6\libgcc.a(_exit.o)
 *(.fini0)
                0x0000128c                _etext = .

.data           0x00800200       0x28 load address 0x0000128c
                0x00800200                PROVIDE (__data_start, .)
 *(.data)
 *(.data*)
 *(.rodata)
 *(.rodata*)
 .rodata.str1.1
                0x00800200       0x27 kernel.o
 *(.gnu.linkonce.d*)
                0x00800228                . = ALIGN (0x2)
 *fill*         0x00800227        0x1 
                0x00800228                _edata = .
                0x00800228                PROVIDE (__data_end, .)

.bss            0x00800228     0x1409
                0x00800228                PROVIDE (__bss_start, .)
 *(.bss)
 *(.bss*)
 .bss.Tick_Count
                0x00800228        0x2 kernel.o
 .bss.Mutex_Count
                0x0080022a        0x2 kernel.o
 .bss.Event_Count
                0x0080022c        0x2 kernel.o
 .bss.Task_Count
                0x0080022e        0x2 kernel.o
 .bss.NextP     0x00800230        0x2 kernel.o
 .bss.Mutex     0x00800232      0x2d8 kernel.o
 .bss.Event     0x0080050a       0x30 kernel.o
 .bss.Process   0x0080053a     0x10e0 kernel.o
 *(COMMON)
 COMMON         0x0080161a        0xf kernel.o
                0x0080161a                Last_PID
                0x0080161c                KernelActive
                0x0080161e                Last_EventID
                0x00801620                err
                0x00801621                CurrentSp
                0x00801623                Cp
                0x00801625                Last_MutexID
                0x00801627                KernelSp
 COMMON         0x00801629        0x2 test_priority_inheritance.o
                0x00801629                mut
 COMMON         0x0080162b        0x6 c:/program files (x86)/atmel/studio/7.0/toolchain/avr8/avr8-gnu-toolchain/bin/../lib/gcc/avr/4.9.2/../../../../avr/lib/avr6\libc.a(iob.o)
                0x0080162b                __iob
                0x00801631                PROVIDE (__bss_end, .)
                0x0000128c                __data_load_start = LOADADDR (.data)
                0x000012b4                __data_load_end = (__data_load_start + SIZEOF (.data))

.noinit         0x00801631        0x0
                0x00801631                PROVIDE (__noinit_start, .)
 *(.noinit*)
                0x00801631                PROVIDE (__noinit_end, .)
                0x00801631                _end = .
                0x00801631                PROVIDE (__heap_start, .)

.eeprom         0x00810000        0x0
 *(.eeprom*)
                0x00810000                __eeprom_end = .

.fuse
 *(.fuse)
 *(.lfuse)
 *(.hfuse)
 *(.efuse)

.lock
 *(.lock*)

.signature
 *(.signature*)

.user_signatures
 *(.user_signatures*)

.stab
 *(.stab)

.stabstr
 *(.stabstr)

.stab.excl
 *(.stab.excl)

.stab.exclstr
 *(.stab.exclstr)

.stab.index
 *(.stab.index)

.stab.indexstr
 *(.stab.indexstr)

.comment        0x00000000       0x30
 *(.comment)
 .comment       0x00000000       0x30 kernel.o
                                 0x31 (size before relaxing)
 .comment       0x00000030       0x31 os.o
 .comment       0x00000030       0x31 test_priority_inheritance.o
 .comment       0x00000030       0x31 c:/program files (x86)/atmel/studio/7.0/toolchain/avr8/avr8-gnu-toolchain/bin/../lib/gcc/avr/4.9.2/../../../../avr/lib/avr6\libc.a(iob.o)
 .comment       0x00000030       0x31 c:/program files (x86)/atmel/studio/7.0/toolchain/avr8/avr8-gnu-toolchain/bin/../lib/gcc/avr/4.9.2/../../../../avr/lib/avr6\libc.a(puts.o)

.note.gnu.avr.deviceinfo
                0x00000000       0x40
 .note.gnu.avr.deviceinfo
                0x00000000       0x40 C:/Program Files (x86)/Atmel/Studio/7.0/Packs/atmel/ATmega_DFP/1.0.90/gcc/dev/atmega2560/avr6/crtatmega2560.o

.note.gnu.build-id
 *(.note.gnu.build-id)

.debug
 *(.debug)

.line
 *(.line)

.debug_srcinfo
 *(.debug_srcinfo)

.debug_sfnames
 *(.debug_sfnames)

.debug_aranges  0x00000000      0x168
 *(.debug_aranges)
 .debug_aranges
                0x00000000       0x20 cswitch.o
 .debug_aranges
                0x00000020       0x88 kernel.o
 .debug_aranges
                0x000000a8       0x88 os.o
 .debug_aranges
                0x00000130       0x38 test_priority_inheritance.o

.debug_pubnames
 *(.debug_pubnames)

.debug_info     0x00000000     0x15f5
 *(.debug_info .gnu.linkonce.wi.*)
 .debug_info    0x00000000       0x76 cswitch.o
 .debug_info    0x00000076      0xd18 kernel.o
 .debug_info    0x00000d8e      0x5d2 os.o
 .debug_info    0x00001360      0x295 test_priority_inheritance.o

.debug_abbrev   0x00000000      0x62a
 *(.debug_abbrev)
 .debug_abbrev  0x00000000       0x14 cswitch.o
 .debug_abbrev  0x00000014      0x364 kernel.o
 .debug_abbrev  0x00000378      0x197 os.o
 .debug_abbrev  0x0000050f      0x11b test_priority_inheritance.o

.debug_line     0x00000000      0xff4
 *(.debug_line .debug_line.* .debug_line_end)
 .debug_line    0x00000000       0xbb cswitch.o
 .debug_line    0x000000bb      0xa06 kernel.o
 .debug_line    0x00000ac1      0x366 os.o
 .debug_line    0x00000e27      0x1cd test_priority_inheritance.o

.debug_frame    0x00000000      0x2e0
 *(.debug_frame)
 .debug_frame   0x00000000      0x198 kernel.o
 .debug_frame   0x00000198       0xf4 os.o
 .debug_frame   0x0000028c       0x54 test_priority_inheritance.o

.debug_str      0x00000000      0x784
 *(.debug_str)
 .debug_str     0x00000000      0x68f kernel.o
                                0x704 (size before relaxing)
 .debug_str     0x0000068f       0xbf os.o
                                0x50c (size before relaxing)
 .debug_str     0x0000074e       0x36 test_priority_inheritance.o
                                0x21c (size before relaxing)

.debug_loc      0x00000000      0xeaf
 *(.debug_loc)
 .debug_loc     0x00000000      0xc11 kernel.o
 .debug_loc     0x00000c11      0x29e os.o

.debug_macinfo
 *(.debug_macinfo)

.debug_weaknames
 *(.debug_weaknames)

.debug_funcnames
 *(.debug_funcnames)

.debug_typenames
 *(.debug_typenames)

.debug_varnames
 *(.debug_varnames)

.debug_pubtypes
 *(.debug_pubtypes)

.debug_ranges   0x00000000      0x1e0
 *(.debug_ranges)
 .debug_ranges  0x00000000      0x140 kernel.o
 .debug_ranges  0x00000140       0x78 os.o
 .debug_ranges  0x000001b8       0x28 test_priority_inheritance.o

.debug_macro
 *(.debug_macro)
OUTPUT(p2.elf elf32-avr)
LOAD linker stubs
